INFO         | Android emulator version 36.5.11.0 (build_id 15261927) (CL:N/A)
INFO         | Graphics backend: gfxstream
INFO         | Found systemPath /Users/jason/Library/Android/sdk/system-images/android-29/default/arm64-v8a/
WARNING      | Please update the emulator to one that supports the feature(s): Vulkan
INFO         | Increasing RAM size to 2048MB
INFO         | Guest GLES Driver: Auto (ext controls)
INFO         | emuglConfig_init: vulkan_mode_selected:lavapipe gles_mode_selected:swangle
INFO         | Checking system compatibility:
INFO         |   Checking: hasSufficientDiskSpace
INFO         |      Ok: Disk space requirements to run avd: `hidlins-api29` are met
INFO         |   Checking: hasSufficientHwGpu
INFO         |      Ok: Hardware GPU compatibility checks are not required
INFO         |   Checking: hasSufficientSystem
INFO         |      Ok: System requirements to run avd: `hidlins-api29` are met
WARNING      | FeatureControl is requesting a non existing feature.
INFO         | Storing crashdata in: /tmp/android-jason/emu-crash-36.5.11.db, detection is enabled for process: 63290
INFO         | Initializing gfxstream backend
INFO         | android_startOpenglesRenderer: gpu info
INFO         | 
INFO         | initIcdPaths: ICD set to 'lavapipe', using Lavapipe ICD
INFO         | Setting ICD filenames for the loader = /Users/jason/Library/Android/sdk/emulator/lib64/vulkan/lvp_icd.json
INFO         | SharedLibrary::open for [/Users/jason/Library/Android/sdk/emulator/qemu/darwin-aarch64/lib64/vulkan/libvulkan.dylib]
INFO         | Added library: /Users/jason/Library/Android/sdk/emulator/qemu/darwin-aarch64/lib64/vulkan/libvulkan.dylib
INFO         | Enabling Vulkan portability.
INFO         | Selecting Vulkan device: llvmpipe (LLVM 21.1.4, 128 bits), Version: 1.4.330
INFO         | Initializing VkEmulation features:
INFO         |     glInteropSupported: false
INFO         |     useDeferredCommands: true
INFO         |     createResourceWithRequirements: true
INFO         |     useVulkanComposition: false
INFO         |     useVulkanNativeSwapchain: false
INFO         |     enable guestRenderDoc: false
INFO         |     ASTC LDR emulation mode: Gpu
INFO         |     enable ETC2 emulation: true
INFO         |     enable Ycbcr emulation: false
INFO         |     guestVulkanOnly: false
INFO         |     useDedicatedAllocations: false
INFO         |     guestVulkanMaxApiVersion: 1.3.0
INFO         | Graphics Adapter Vendor Google (Google Inc. (Google))
INFO         | Graphics Adapter Android Emulator OpenGL ES Translator (ANGLE (Google, Vulkan 1.3.0 (SwiftShader Device (LLVM 10.0.0) (0x0000C0DE)), SwiftShader driver-5.0.0))
INFO         | Graphics API Version OpenGL ES 3.0 (OpenGL ES 3.1.0 (ANGLE 2.1.1 git hash: fbf66f49c7cc))
INFO         | Graphics API Extensions GL_OES_EGL_sync GL_OES_EGL_image GL_OES_EGL_image_external GL_OES_depth24 GL_OES_depth32 GL_OES_element_index_uint GL_OES_texture_float GL_OES_texture_float_linear GL_OES_compressed_paletted_texture GL_OES_compressed_ETC1_RGB8_texture GL_OES_depth_texture GL_OES_texture_half_float GL_OES_texture_half_float_linear GL_OES_packed_depth_stencil GL_OES_vertex_half_float GL_OES_standard_derivatives GL_OES_texture_npot GL_OES_rgb8_rgba8 GL_OVR_multiview2 GL_EXT_color_buffer_float GL_EXT_color_buffer_half_float GL_EXT_texture_format_BGRA8888 GL_APPLE_texture_format_BGRA8888 GL_EXT_draw_buffers_indexed GL_EXT_clip_cull_distance 
INFO         | Graphics Device Extensions N/A
INFO         | Disabling sparse binding feature support
INFO         | Userspace boot properties:
INFO         |   android.bootanim=0
INFO         |   android.qemud=1
INFO         |   androidboot.boot_devices=a003600.virtio_mmio
INFO         |   androidboot.hardware=ranchu
INFO         |   androidboot.hardware.vulkan=ranchu
INFO         |   androidboot.serialno=EMULATOR36X5X11X0
INFO         |   androidboot.vbmeta.digest=eea112c4245390d15ee702a291bf6f5ffffc726f71429cf86ae6c21cb656203d
INFO         |   androidboot.vbmeta.hash_alg=sha256
INFO         |   androidboot.vbmeta.size=4352
INFO         |   qemu=1
INFO         |   qemu.avd_name=hidlins-api29
INFO         |   qemu.camera_hq_edge_processing=0
INFO         |   qemu.dalvik.vm.heapsize=512m
INFO         |   qemu.encrypt=1
INFO         |   qemu.gles=1
INFO         |   qemu.gltransport=pipe
INFO         |   qemu.gltransport.drawFlushInterval=800
INFO         |   qemu.opengles.version=196609
INFO         |   qemu.settings.system.screen_off_timeout=2147483647
INFO         |   qemu.skin=1080x2220
INFO         |   qemu.uirenderer=skiagl
INFO         |   qemu.vsync=60
INFO         |   qemu.wifi=1
INFO         | Monitoring duration of emulator setup.
WARNING      | The emulator now requires a signed jwt token for gRPC access! Use the -grpc flag if you really want an open unprotected grpc port
INFO         | Using security allow list from: /Users/jason/Library/Android/sdk/emulator/lib/emulator_access.json
WARNING      | *** Basic token auth should only be used by android-studio ***
INFO         | The active JSON Web Key Sets can be found here: /Users/jason/Library/Caches/TemporaryItems/avd/running/63290/jwks/bd257803-71af-4c9e-96c3-efe08b18b11f/active.jwk
INFO         | Scanning /Users/jason/Library/Caches/TemporaryItems/avd/running/63290/jwks/bd257803-71af-4c9e-96c3-efe08b18b11f for jwk keys.
INFO         | Started GRPC server at 127.0.0.1:8554, security: Local, auth: +token
INFO         | Advertising in: /Users/jason/Library/Caches/TemporaryItems/avd/running/pid_63290.ini
INFO         | Setting display: 0 configuration to: 1080x2220, dpi: 440x440 
INFO         | setDisplayActiveConfig: id:0, 1080x2220
INFO         | emulatorSetupEnvironment: Setting up screen background view and display layout at env:1080x2220, lcd:1080x2220
INFO         | emulatorSetupEnvironment: Environment scene is not required
USER_INFO    | Emulator is performing a full startup. This may take upto two minutes, or more.
INFO         | Boot completed in 6647 ms
INFO         | Increasing screen off timeout, logcat buffer size to 2M.
INFO         | Wait for emulator (pid 63290) 20 seconds to shutdown gracefully before kill;you can set environment variable ANDROID_EMULATOR_WAIT_TIME_BEFORE_KILL(in seconds) to change the default value (20 seconds)

USER_INFO    | Snapshots have been disabled by the user, save request is ignored.
INFO         | Saving snapshot 'default_boot' using 0 ms
