To honour the JVM settings for this build a single-use Daemon process will be forked. For more on this, please refer to https://docs.gradle.org/9.3.1/userguide/gradle_daemon.html#sec:disabling_the_daemon in the Gradle documentation.
Daemon will be stopped at the end of the build 
> Task :gradle:checkKotlinGradlePluginConfigurationErrors SKIPPED
> Task :gradle:compileKotlin UP-TO-DATE
> Task :gradle:compileJava NO-SOURCE
> Task :gradle:compileGroovy NO-SOURCE
> Task :gradle:pluginDescriptors UP-TO-DATE
> Task :gradle:processResources UP-TO-DATE
> Task :gradle:classes UP-TO-DATE
> Task :gradle:jar UP-TO-DATE

> Configure project :app
WARNING: The option setting 'android.newDsl=false' is deprecated.
The current default is 'true'.
It will be removed in version 10.0 of the Android Gradle plugin.

> Task :app:DebugMinSdkCheck
> Task :app:validateCompileSdkVersion

> Task :app:verifyHidlinsNativeArtifacts
  OK: Android native artifacts match API, profile, source, ABI, hash, and 16 KiB contract

> Task :app:preBuild
> Task :app:preDebugBuild
> Task :app:mergeDebugNativeDebugMetadata NO-SOURCE
> Task :app:cleanMergeDebugAssets
> Task :app:compileFlutterBuildDebug
> Task :app:generateDebugAssets UP-TO-DATE
> Task :integration_test:generateDebugAssets UP-TO-DATE
> Task :integration_test:preBuild UP-TO-DATE
> Task :integration_test:preDebugBuild UP-TO-DATE
> Task :integration_test:mergeDebugAssets UP-TO-DATE
> Task :rust_lib_app:generateDebugAssets UP-TO-DATE

> Task :rust_lib_app:verifyHidlinsNativeArtifacts
  OK: Android native artifacts match API, profile, source, ABI, hash, and 16 KiB contract

> Task :rust_lib_app:preBuild
> Task :rust_lib_app:preDebugBuild
> Task :rust_lib_app:mergeDebugAssets UP-TO-DATE
> Task :app:mergeDebugAssets
> Task :app:copyFlutterAssetsDebug
> Task :app:generateDebugResources UP-TO-DATE
> Task :app:packageDebugResources UP-TO-DATE
> Task :integration_test:processDebugNavigationResources UP-TO-DATE
> Task :rust_lib_app:processDebugNavigationResources UP-TO-DATE
> Task :app:processDebugNavigationResources UP-TO-DATE
> Task :app:parseDebugLocalResources UP-TO-DATE
> Task :app:generateDebugRFile UP-TO-DATE
> Task :integration_test:generateDebugResources UP-TO-DATE
> Task :integration_test:packageDebugResources UP-TO-DATE
> Task :integration_test:parseDebugLocalResources UP-TO-DATE
> Task :integration_test:generateDebugRFile UP-TO-DATE
> Task :integration_test:compileDebugKotlin NO-SOURCE
> Task :integration_test:javaPreCompileDebug UP-TO-DATE
> Task :integration_test:compileDebugJavaWithJavac UP-TO-DATE
> Task :integration_test:bundleLibCompileToJarDebug UP-TO-DATE
> Task :rust_lib_app:generateDebugResources UP-TO-DATE
> Task :rust_lib_app:packageDebugResources UP-TO-DATE
> Task :rust_lib_app:parseDebugLocalResources UP-TO-DATE
> Task :rust_lib_app:generateDebugRFile UP-TO-DATE
> Task :rust_lib_app:compileDebugKotlin NO-SOURCE
> Task :rust_lib_app:javaPreCompileDebug UP-TO-DATE
> Task :rust_lib_app:compileDebugJavaWithJavac NO-SOURCE
> Task :rust_lib_app:bundleLibCompileToJarDebug UP-TO-DATE
> Task :app:compileDebugKotlin UP-TO-DATE
> Task :app:javaPreCompileDebug UP-TO-DATE
> Task :app:compileDebugJavaWithJavac UP-TO-DATE
> Task :integration_test:bundleLibRuntimeToJarDebug UP-TO-DATE
> Task :rust_lib_app:bundleLibRuntimeToJarDebug UP-TO-DATE
> Task :app:desugarDebugFileDependencies UP-TO-DATE
> Task :integration_test:writeDebugAarMetadata UP-TO-DATE
> Task :rust_lib_app:writeDebugAarMetadata UP-TO-DATE
> Task :app:checkDebugAarMetadata UP-TO-DATE
> Task :app:mapDebugSourceSetPaths UP-TO-DATE
> Task :app:compileDebugNavigationResources UP-TO-DATE
> Task :app:mergeDebugResources UP-TO-DATE
> Task :app:createDebugCompatibleScreenManifests UP-TO-DATE
> Task :app:extractDeepLinksDebug UP-TO-DATE
> Task :integration_test:extractDeepLinksDebug UP-TO-DATE
> Task :integration_test:processDebugManifest UP-TO-DATE
> Task :rust_lib_app:extractDeepLinksDebug UP-TO-DATE
> Task :rust_lib_app:processDebugManifest UP-TO-DATE
> Task :app:processDebugMainManifest UP-TO-DATE
> Task :app:outputDebugAppLinkSettings UP-TO-DATE
> Task :app:processDebugManifest UP-TO-DATE
> Task :app:processDebugManifestForPackage UP-TO-DATE
> Task :integration_test:mapDebugSourceSetPaths UP-TO-DATE
> Task :integration_test:compileDebugLibraryResources UP-TO-DATE
> Task :rust_lib_app:mapDebugSourceSetPaths UP-TO-DATE
> Task :rust_lib_app:compileDebugLibraryResources UP-TO-DATE
> Task :app:processDebugResources UP-TO-DATE
> Task :app:dexBuilderDebug UP-TO-DATE
> Task :app:mergeDebugGlobalSynthetics UP-TO-DATE
> Task :app:processDebugJavaRes UP-TO-DATE
> Task :integration_test:processDebugJavaRes NO-SOURCE
> Task :rust_lib_app:processDebugJavaRes NO-SOURCE
> Task :app:mergeDebugJavaResource UP-TO-DATE
> Task :app:checkDebugDuplicateClasses UP-TO-DATE
> Task :app:mergeExtDexDebug UP-TO-DATE
> Task :integration_test:bundleLibRuntimeToDirDebug UP-TO-DATE
> Task :rust_lib_app:bundleLibRuntimeToDirDebug UP-TO-DATE
> Task :app:mergeProjectDexDebug UP-TO-DATE
> Task :app:mergeLibDexDebug UP-TO-DATE

> Task :app:configureCMakeDebug[arm64-v8a]
[CXX5304] This version only understands SDK XML versions up to 3 but an SDK XML file of version 4 was encountered. This can happen if you use versions of Android Studio and the command-line tools that were released at different times.
[CXX5304] This version only understands SDK XML versions up to 3 but an SDK XML file of version 4 was encountered. This can happen if you use versions of Android Studio and the command-line tools that were released at different times.

> Task :app:buildCMakeDebug[arm64-v8a]
> Task :app:configureCMakeDebug[armeabi-v7a]
> Task :app:buildCMakeDebug[armeabi-v7a]
> Task :app:configureCMakeDebug[x86_64]
> Task :app:buildCMakeDebug[x86_64]
> Task :app:copyJniLibsflutterBuildDebug
> Task :app:mergeDebugJniLibFolders UP-TO-DATE
> Task :integration_test:mergeDebugJniLibFolders UP-TO-DATE
> Task :integration_test:mergeDebugNativeLibs NO-SOURCE
> Task :integration_test:copyDebugJniLibsProjectOnly UP-TO-DATE
> Task :rust_lib_app:mergeDebugJniLibFolders UP-TO-DATE
> Task :rust_lib_app:mergeDebugNativeLibs UP-TO-DATE
> Task :rust_lib_app:copyDebugJniLibsProjectOnly UP-TO-DATE
> Task :app:mergeDebugNativeLibs UP-TO-DATE
> Task :app:stripDebugDebugSymbols UP-TO-DATE
> Task :app:validateSigningDebug UP-TO-DATE
> Task :app:writeDebugAppMetadata UP-TO-DATE
> Task :app:writeDebugSigningConfigVersions UP-TO-DATE
> Task :app:bundleDebugClassesToCompileJar UP-TO-DATE
> Task :app:preDebugAndroidTestBuild SKIPPED
> Task :app:generateDebugAndroidTestResources UP-TO-DATE
> Task :app:packageDebugAndroidTestResources UP-TO-DATE
> Task :app:processDebugAndroidTestNavigationResources UP-TO-DATE
> Task :app:parseDebugAndroidTestLocalResources UP-TO-DATE
> Task :app:generateDebugAndroidTestRFile UP-TO-DATE
> Task :app:compileDebugAndroidTestKotlin NO-SOURCE
> Task :app:javaPreCompileDebugAndroidTest UP-TO-DATE
> Task :app:compileDebugAndroidTestJavaWithJavac UP-TO-DATE
> Task :app:generateDebugAndroidTestAssets UP-TO-DATE
> Task :app:mergeDebugAndroidTestAssets UP-TO-DATE
> Task :app:compressDebugAndroidTestAssets UP-TO-DATE
> Task :app:desugarDebugAndroidTestFileDependencies UP-TO-DATE
> Task :app:checkDebugAndroidTestAarMetadata UP-TO-DATE
> Task :app:mapDebugAndroidTestSourceSetPaths UP-TO-DATE
> Task :app:compileDebugAndroidTestNavigationResources UP-TO-DATE
> Task :app:mergeDebugAndroidTestResources UP-TO-DATE
> Task :app:processDebugAndroidTestManifest UP-TO-DATE
> Task :app:processDebugAndroidTestResources UP-TO-DATE
> Task :app:dexBuilderDebugAndroidTest UP-TO-DATE
> Task :app:mergeDebugAndroidTestGlobalSynthetics UP-TO-DATE
> Task :app:processDebugAndroidTestJavaRes NO-SOURCE
> Task :app:mergeDebugAndroidTestJavaResource UP-TO-DATE
> Task :app:checkDebugAndroidTestDuplicateClasses UP-TO-DATE
> Task :app:mergeExtDexDebugAndroidTest UP-TO-DATE
> Task :app:mergeLibDexDebugAndroidTest UP-TO-DATE
> Task :app:mergeProjectDexDebugAndroidTest UP-TO-DATE
> Task :app:mergeDebugAndroidTestJniLibFolders UP-TO-DATE
> Task :app:mergeDebugAndroidTestNativeLibs NO-SOURCE
> Task :app:stripDebugAndroidTestDebugSymbols NO-SOURCE
> Task :app:validateSigningDebugAndroidTest UP-TO-DATE
> Task :app:writeDebugAndroidTestSigningConfigVersions UP-TO-DATE
> Task :app:packageDebugAndroidTest UP-TO-DATE
> Task :app:createDebugAndroidTestApkListingFileRedirect UP-TO-DATE
> Task :app:assembleDebugAndroidTest UP-TO-DATE
> Task :app:compressDebugAssets

> Task :app:packageDebug
There are no .so files available to package in the APK for armeabi-v7a.

> Task :app:createDebugApkListingFileRedirect UP-TO-DATE
> Task :app:assembleDebug

[Incubating] Problems report is available at: file:///Users/jason/Developer/sources/personal/hidlins/app/build/reports/problems/problems-report.html

Deprecated Gradle features were used in this build, making it incompatible with Gradle 10.

You can use '--warning-mode all' to show the individual deprecation warnings and determine if they come from your own scripts or plugins.

For more on this, please refer to https://docs.gradle.org/9.3.1/userguide/command_line_interface.html#sec:command_line_warnings in the Gradle documentation.

BUILD SUCCESSFUL in 10s
122 actionable tasks: 18 executed, 104 up-to-date
INSTRUMENTATION_STATUS: class=app.hidlins.HidlinsAndroidTest
INSTRUMENTATION_STATUS: current=1
INSTRUMENTATION_STATUS: id=AndroidJUnitRunner
INSTRUMENTATION_STATUS: numtests=8
INSTRUMENTATION_STATUS: stream=
app.hidlins.HidlinsAndroidTest:
INSTRUMENTATION_STATUS: test=vaultImportReportsProviderPermissionDenial
INSTRUMENTATION_STATUS_CODE: 1
INSTRUMENTATION_STATUS: class=app.hidlins.HidlinsAndroidTest
INSTRUMENTATION_STATUS: current=1
INSTRUMENTATION_STATUS: id=AndroidJUnitRunner
INSTRUMENTATION_STATUS: numtests=8
INSTRUMENTATION_STATUS: stream=.
INSTRUMENTATION_STATUS: test=vaultImportReportsProviderPermissionDenial
INSTRUMENTATION_STATUS_CODE: 0
INSTRUMENTATION_STATUS: class=app.hidlins.HidlinsAndroidTest
INSTRUMENTATION_STATUS: current=2
INSTRUMENTATION_STATUS: id=AndroidJUnitRunner
INSTRUMENTATION_STATUS: numtests=8
INSTRUMENTATION_STATUS: stream=
INSTRUMENTATION_STATUS: test=pickerCancellationAndActivityDestructionCompletePendingResults
INSTRUMENTATION_STATUS_CODE: 1
INSTRUMENTATION_STATUS: class=app.hidlins.HidlinsAndroidTest
INSTRUMENTATION_STATUS: current=2
INSTRUMENTATION_STATUS: id=AndroidJUnitRunner
INSTRUMENTATION_STATUS: numtests=8
INSTRUMENTATION_STATUS: stream=.
INSTRUMENTATION_STATUS: test=pickerCancellationAndActivityDestructionCompletePendingResults
INSTRUMENTATION_STATUS_CODE: 0
INSTRUMENTATION_STATUS: class=app.hidlins.HidlinsAndroidTest
INSTRUMENTATION_STATUS: current=3
INSTRUMENTATION_STATUS: id=AndroidJUnitRunner
INSTRUMENTATION_STATUS: numtests=8
INSTRUMENTATION_STATUS: stream=
INSTRUMENTATION_STATUS: test=missingAndInvalidKeyfileReferencesFailClosed
INSTRUMENTATION_STATUS_CODE: 1
INSTRUMENTATION_STATUS: class=app.hidlins.HidlinsAndroidTest
INSTRUMENTATION_STATUS: current=3
INSTRUMENTATION_STATUS: id=AndroidJUnitRunner
INSTRUMENTATION_STATUS: numtests=8
INSTRUMENTATION_STATUS: stream=.
INSTRUMENTATION_STATUS: test=missingAndInvalidKeyfileReferencesFailClosed
INSTRUMENTATION_STATUS_CODE: 0
INSTRUMENTATION_STATUS: class=app.hidlins.HidlinsAndroidTest
INSTRUMENTATION_STATUS: current=4
INSTRUMENTATION_STATUS: id=AndroidJUnitRunner
INSTRUMENTATION_STATUS: numtests=8
INSTRUMENTATION_STATUS: stream=
INSTRUMENTATION_STATUS: test=vaultImportIsAtomicAndAppOwned
INSTRUMENTATION_STATUS_CODE: 1
INSTRUMENTATION_STATUS: class=app.hidlins.HidlinsAndroidTest
INSTRUMENTATION_STATUS: current=4
INSTRUMENTATION_STATUS: id=AndroidJUnitRunner
INSTRUMENTATION_STATUS: numtests=8
INSTRUMENTATION_STATUS: stream=.
INSTRUMENTATION_STATUS: test=vaultImportIsAtomicAndAppOwned
INSTRUMENTATION_STATUS_CODE: 0
INSTRUMENTATION_STATUS: class=app.hidlins.HidlinsAndroidTest
INSTRUMENTATION_STATUS: current=5
INSTRUMENTATION_STATUS: id=AndroidJUnitRunner
INSTRUMENTATION_STATUS: numtests=8
INSTRUMENTATION_STATUS: stream=
INSTRUMENTATION_STATUS: test=shippingApplicationCanReachConfiguredSyncStorage
INSTRUMENTATION_STATUS_CODE: 1
INSTRUMENTATION_STATUS: class=app.hidlins.HidlinsAndroidTest
INSTRUMENTATION_STATUS: current=5
INSTRUMENTATION_STATUS: id=AndroidJUnitRunner
INSTRUMENTATION_STATUS: numtests=8
INSTRUMENTATION_STATUS: stream=.
INSTRUMENTATION_STATUS: test=shippingApplicationCanReachConfiguredSyncStorage
INSTRUMENTATION_STATUS_CODE: 0
INSTRUMENTATION_STATUS: class=app.hidlins.HidlinsAndroidTest
INSTRUMENTATION_STATUS: current=6
INSTRUMENTATION_STATUS: id=AndroidJUnitRunner
INSTRUMENTATION_STATUS: numtests=8
INSTRUMENTATION_STATUS: stream=
INSTRUMENTATION_STATUS: test=clipboardClearIsOwnershipCheckedAndSensitive
INSTRUMENTATION_STATUS_CODE: 1
INSTRUMENTATION_STATUS: class=app.hidlins.HidlinsAndroidTest
INSTRUMENTATION_STATUS: current=6
INSTRUMENTATION_STATUS: id=AndroidJUnitRunner
INSTRUMENTATION_STATUS: numtests=8
INSTRUMENTATION_STATUS: stream=.
INSTRUMENTATION_STATUS: test=clipboardClearIsOwnershipCheckedAndSensitive
INSTRUMENTATION_STATUS_CODE: 0
INSTRUMENTATION_STATUS: class=app.hidlins.HidlinsAndroidTest
INSTRUMENTATION_STATUS: current=7
INSTRUMENTATION_STATUS: id=AndroidJUnitRunner
INSTRUMENTATION_STATUS: numtests=8
INSTRUMENTATION_STATUS: stream=
INSTRUMENTATION_STATUS: test=secureWindowAndSnapshotCoverAreInstalled
INSTRUMENTATION_STATUS_CODE: 1
INSTRUMENTATION_STATUS: class=app.hidlins.HidlinsAndroidTest
INSTRUMENTATION_STATUS: current=7
INSTRUMENTATION_STATUS: id=AndroidJUnitRunner
INSTRUMENTATION_STATUS: numtests=8
INSTRUMENTATION_STATUS: stream=.
INSTRUMENTATION_STATUS: test=secureWindowAndSnapshotCoverAreInstalled
INSTRUMENTATION_STATUS_CODE: 0
INSTRUMENTATION_STATUS: class=app.hidlins.HidlinsAndroidTest
INSTRUMENTATION_STATUS: current=8
INSTRUMENTATION_STATUS: id=AndroidJUnitRunner
INSTRUMENTATION_STATUS: numtests=8
INSTRUMENTATION_STATUS: stream=
INSTRUMENTATION_STATUS: test=appBackupIsDisabled
INSTRUMENTATION_STATUS_CODE: 1
INSTRUMENTATION_STATUS: class=app.hidlins.HidlinsAndroidTest
INSTRUMENTATION_STATUS: current=8
INSTRUMENTATION_STATUS: id=AndroidJUnitRunner
INSTRUMENTATION_STATUS: numtests=8
INSTRUMENTATION_STATUS: stream=.
INSTRUMENTATION_STATUS: test=appBackupIsDisabled
INSTRUMENTATION_STATUS_CODE: 0
INSTRUMENTATION_RESULT: stream=

Time: 7.236

OK (8 tests)


INSTRUMENTATION_CODE: -1
  OK: Android lifecycle, clipboard, storage, SAF, backup, and sync-permission assertions passed on hidlins-api29 (API 29, ABI arm64-v8a)
